<http://onto.dm2e.eu/schemas/dm2e/artist>
<http://onto.dm2e.eu/schemas/dm2e/callNumber>
<http://onto.dm2e.eu/schemas/dm2e/composer>
<http://onto.dm2e.eu/schemas/dm2e/condition>
<http://onto.dm2e.eu/schemas/dm2e/copyist>
<http://onto.dm2e.eu/schemas/dm2e/cover>
<http://onto.dm2e.eu/schemas/dm2e/displayLevel>
<http://onto.dm2e.eu/schemas/dm2e/explicit>
<http://onto.dm2e.eu/schemas/dm2e/genre>
<http://onto.dm2e.eu/schemas/dm2e/hasAnnotatableVersionAt>
<http://onto.dm2e.eu/schemas/dm2e/holdingInstitution>
<http://onto.dm2e.eu/schemas/dm2e/honoree>
<http://onto.dm2e.eu/schemas/dm2e/illustration>
<http://onto.dm2e.eu/schemas/dm2e/incipit>
<http://onto.dm2e.eu/schemas/dm2e/influencedBy>
<http://onto.dm2e.eu/schemas/dm2e/levelOfGenesis>
<http://onto.dm2e.eu/schemas/dm2e/levelOfHierarchy>
<http://onto.dm2e.eu/schemas/dm2e/mentioned>
<http://onto.dm2e.eu/schemas/dm2e/misattributed>
<http://onto.dm2e.eu/schemas/dm2e/modeOfAcquisition>
<http://onto.dm2e.eu/schemas/dm2e/origin>
<http://onto.dm2e.eu/schemas/dm2e/owner>
<http://onto.dm2e.eu/schemas/dm2e/pageDimension>
<http://onto.dm2e.eu/schemas/dm2e/painter>
<http://onto.dm2e.eu/schemas/dm2e/patron>
<http://onto.dm2e.eu/schemas/dm2e/portrayed>
<http://onto.dm2e.eu/schemas/dm2e/previousOwner>
<http://onto.dm2e.eu/schemas/dm2e/principal>
<http://onto.dm2e.eu/schemas/dm2e/printedAt>
<http://onto.dm2e.eu/schemas/dm2e/publishedAt>
<http://onto.dm2e.eu/schemas/dm2e/restoration>
<http://onto.dm2e.eu/schemas/dm2e/shelfmarkLocation>
<http://onto.dm2e.eu/schemas/dm2e/sponsor>
<http://onto.dm2e.eu/schemas/dm2e/studentOf>
<http://onto.dm2e.eu/schemas/dm2e/subtitle>
<http://onto.dm2e.eu/schemas/dm2e/support>
<http://onto.dm2e.eu/schemas/dm2e/wasStudiedBy>
<http://onto.dm2e.eu/schemas/dm2e/wasTaughtBy>
<http://onto.dm2e.eu/schemas/dm2e/watermark>
<http://onto.dm2e.eu/schemas/dm2e/writer>
<http://onto.dm2e.eu/schemas/dm2e/writtenAreaDimension>
<http://onto.dm2e.eu/schemas/dm2e/writtenAt>
<http://purl.org/dc/elements/1.1/contributor>
<http://purl.org/dc/elements/1.1/creator>
<http://purl.org/dc/elements/1.1/date>
<http://purl.org/dc/elements/1.1/description>
<http://purl.org/dc/elements/1.1/format>
<http://purl.org/dc/elements/1.1/identifier>
<http://purl.org/dc/elements/1.1/language>
<http://purl.org/dc/elements/1.1/publisher>
<http://purl.org/dc/elements/1.1/rights>
<http://purl.org/dc/elements/1.1/subject>
<http://purl.org/dc/elements/1.1/title>
<http://purl.org/dc/elements/1.1/type>
<http://purl.org/dc/terms/alternative>
<http://purl.org/dc/terms/created>
<http://purl.org/dc/terms/extent>
<http://purl.org/dc/terms/isPartOf>
<http://purl.org/dc/terms/issued>
<http://purl.org/dc/terms/isVersionOf>
<http://purl.org/dc/terms/medium>
<http://purl.org/dc/terms/modified>
<http://purl.org/dc/terms/provenance>
<http://purl.org/dc/terms/references>
<http://purl.org/dc/terms/rightsHolder>
<http://purl.org/dc/terms/spatial>
<http://purl.org/dc/terms/tableOfContents>
<http://purl.org/dc/terms/temporal>
<http://purl.org/ontology/bibo/editor>
<http://purl.org/ontology/bibo/isbn>
<http://purl.org/ontology/bibo/issn>
<http://purl.org/ontology/bibo/number>
<http://purl.org/ontology/bibo/numPages>
<http://purl.org/ontology/bibo/numVolumes>
<http://purl.org/ontology/bibo/pages>
<http://purl.org/ontology/bibo/recipient>
<http://purl.org/ontology/bibo/suffixName>
<http://purl.org/ontology/bibo/volume>
<http://purl.org/spar/pro/author>
<http://purl.org/spar/pro/illustrator>
<http://purl.org/spar/pro/printer>
<http://purl.org/spar/pro/translator>
<http://rdvocab.info/ElementsGr2/biographicalInformation>
<http://rdvocab.info/ElementsGr2/dateOfBirth>
<http://rdvocab.info/ElementsGr2/dateOfDeath>
<http://rdvocab.info/ElementsGr2/dateOfEstablishment>
<http://rdvocab.info/ElementsGr2/dateOfTermination>
<http://rdvocab.info/ElementsGr2/gender>
<http://rdvocab.info/ElementsGr2/otherDesignationAssociatedWithTheCorporateBody>
<http://rdvocab.info/ElementsGr2/otherDesignationAssociatedWithThePerson>
<http://rdvocab.info/ElementsGr2/professionOrOccupation>
<http://www.cidoc-crm.org/cidoc-crm/P79F.beginning_is_qualified_by>
<http://www.cidoc-crm.org/cidoc-crm/P80F.end_is_qualified_by>
<http://www.europeana.eu/schemas/edm/aggregatedCHO>
<http://www.europeana.eu/schemas/edm/begin>
<http://www.europeana.eu/schemas/edm/currentLocation>
<http://www.europeana.eu/schemas/edm/dataProvider>
<http://www.europeana.eu/schemas/edm/end>
<http://www.europeana.eu/schemas/edm/happenedAt>
<http://www.europeana.eu/schemas/edm/hasMet>
<http://www.europeana.eu/schemas/edm/hasView>
<http://www.europeana.eu/schemas/edm/isDerivativeOf>
<http://www.europeana.eu/schemas/edm/isNextInSenquence>
<http://www.europeana.eu/schemas/edm/isShownAt>
<http://www.europeana.eu/schemas/edm/isShownBy>
<http://www.europeana.eu/schemas/edm/isSimilarTo>
<http://www.europeana.eu/schemas/edm/object>
<http://www.europeana.eu/schemas/edm/occurredAt>
<http://www.europeana.eu/schemas/edm/provider>
<http://www.europeana.eu/schemas/edm/rights>
<http://www.europeana.eu/schemas/edm/type>
<http://www.europeana.eu/schemas/edm/wasPresentAt>
<http://www.openarchives.org/ore/terms/aggregates>
<http://www.openarchives.org/ore/terms/describes>
<http://www.w3.org/2003/01/geo/wgs84_pos#alt>
<http://www.w3.org/2003/01/geo/wgs84_pos#lat>
<http://www.w3.org/2003/01/geo/wgs84_pos#long>
<http://www.w3.org/2004/02/skos/core#altLabel>
<http://www.w3.org/2004/02/skos/core#broader>
<http://www.w3.org/2004/02/skos/core#hiddenLabel>
<http://www.w3.org/2004/02/skos/core#inScheme>
<http://www.w3.org/2004/02/skos/core#narrower>
<http://www.w3.org/2004/02/skos/core#notation>
<http://www.w3.org/2004/02/skos/core#note>
<http://www.w3.org/2004/02/skos/core#prefLabel>
