<http://onto.dm2e.eu/schemas/dm2e/Archive>
<http://onto.dm2e.eu/schemas/dm2e/Collection>
<http://onto.dm2e.eu/schemas/dm2e/Document>
<http://onto.dm2e.eu/schemas/dm2e/File>
<http://onto.dm2e.eu/schemas/dm2e/Manuscript>
<http://onto.dm2e.eu/schemas/dm2e/Page>
<http://onto.dm2e.eu/schemas/dm2e/Paragraph>
<http://onto.dm2e.eu/schemas/dm2e/Photo>
<http://onto.dm2e.eu/schemas/dm2e/Publication>
<http://onto.dm2e.eu/schemas/dm2e/Work>
<http://purl.org/ontology/bibo/Book>
<http://purl.org/ontology/bibo/Issue>
<http://purl.org/ontology/bibo/Journal>
<http://purl.org/ontology/bibo/Letter>
<http://purl.org/ontology/bibo/Series>
<http://purl.org/spar/fabio/Article>
<http://purl.org/spar/fabio/Chapter>
<http://purl.org/spar/fabio/Cover>
<http://rdfs.org/ns/void#Dataset>
<http://vivoweb.org/ontology/core#Library>
<http://vivoweb.org/ontology/core#Museum>
<http://vivoweb.org/ontology/core#University>
<http://www.europeana.eu/schemas/edm/Agent>
<http://www.europeana.eu/schemas/edm/Event>
<http://www.europeana.eu/schemas/edm/Place>
<http://www.europeana.eu/schemas/edm/ProvidedCHO>
<http://www.europeana.eu/schemas/edm/TimeSpan>
<http://www.europeana.eu/schemas/edm/WebResource>
<http://www.openarchives.org/ore/terms/Aggregation>
<http://www.w3.org/2004/02/skos/core#Concept>
<http://xmlns.com/foaf/0.1/Document>
<http://xmlns.com/foaf/0.1/Image>
<http://xmlns.com/foaf/0.1/Organization>
<http://xmlns.com/foaf/0.1/Person>
